Release 14.7 - xst P.20131013 (nt64)
Copyright (c) 1995-2013 Xilinx, Inc.  All rights reserved.
--> Parameter TMPDIR set to xst/projnav.tmp


Total REAL time to Xst completion: 0.00 secs
Total CPU time to Xst completion: 0.32 secs
 
--> Parameter xsthdpdir set to xst


Total REAL time to Xst completion: 0.00 secs
Total CPU time to Xst completion: 0.32 secs
 
--> Reading design: count09and90.prj

TABLE OF CONTENTS
  1) Synthesis Options Summary
  2) HDL Compilation
  3) Design Hierarchy Analysis
  4) HDL Analysis
  5) HDL Synthesis
     5.1) HDL Synthesis Report
  6) Advanced HDL Synthesis
     6.1) Advanced HDL Synthesis Report
  7) Low Level Synthesis
  8) Partition Report
  9) Final Report
	9.1) Device utilization summary
	9.2) Partition Resource Summary
	9.3) TIMING REPORT


=========================================================================
*                      Synthesis Options Summary                        *
=========================================================================
---- Source Parameters
Input File Name                    : "count09and90.prj"
Input Format                       : mixed
Ignore Synthesis Constraint File   : NO

---- Target Parameters
Output File Name                   : "count09and90"
Output Format                      : NGC
Target Device                      : xc3s400-5-pq208

---- Source Options
Top Module Name                    : count09and90
Automatic FSM Extraction           : YES
FSM Encoding Algorithm             : Auto
Safe Implementation                : No
FSM Style                          : LUT
RAM Extraction                     : Yes
RAM Style                          : Auto
ROM Extraction                     : Yes
Mux Style                          : Auto
Decoder Extraction                 : YES
Priority Encoder Extraction        : Yes
Shift Register Extraction          : YES
Logical Shifter Extraction         : YES
XOR Collapsing                     : YES
ROM Style                          : Auto
Mux Extraction                     : Yes
Resource Sharing                   : YES
Asynchronous To Synchronous        : NO
Multiplier Style                   : Auto
Automatic Register Balancing       : No

---- Target Options
Add IO Buffers                     : YES
Global Maximum Fanout              : 100000
Add Generic Clock Buffer(BUFG)     : 8
Register Duplication               : YES
Slice Packing                      : YES
Optimize Instantiated Primitives   : NO
Use Clock Enable                   : Yes
Use Synchronous Set                : Yes
Use Synchronous Reset              : Yes
Pack IO Registers into IOBs        : Auto
Equivalent register Removal        : YES

---- General Options
Optimization Goal                  : Speed
Optimization Effort                : 1
Keep Hierarchy                     : No
Netlist Hierarchy                  : As_Optimized
RTL Output                         : Yes
Global Optimization                : AllClockNets
Read Cores                         : YES
Write Timing Constraints           : NO
Cross Clock Analysis               : NO
Hierarchy Separator                : /
Bus Delimiter                      : <>
Case Specifier                     : Maintain
Slice Utilization Ratio            : 100
BRAM Utilization Ratio             : 100
Verilog 2001                       : YES
Auto BRAM Packing                  : NO
Slice Utilization Ratio Delta      : 5

=========================================================================


=========================================================================
*                          HDL Compilation                              *
=========================================================================
Compiling vhdl file "E:/Proj/intro1/coun0-9and9-0.vhd" in Library work.
Architecture behavioral of Entity count09and90 is up to date.

=========================================================================
*                     Design Hierarchy Analysis                         *
=========================================================================
Analyzing hierarchy for entity <count09and90> in library <work> (architecture <behavioral>).


=========================================================================
*                            HDL Analysis                               *
=========================================================================
Analyzing Entity <count09and90> in library <work> (Architecture <behavioral>).
Entity <count09and90> analyzed. Unit <count09and90> generated.


=========================================================================
*                           HDL Synthesis                               *
=========================================================================

Performing bidirectional port resolution...

Synthesizing Unit <count09and90>.
    Related source file is "E:/Proj/intro1/coun0-9and9-0.vhd".
    Found 4-bit register for signal <out1>.
    Found 32-bit up counter for signal <count>.
    Found 32-bit adder for signal <count$add0000> created at line 51.
    Found 4-bit down counter for signal <number>.
    Found 4-bit adder for signal <number$addsub0000> created at line 59.
    Found 1-bit register for signal <x>.
    Summary:
	inferred   2 Counter(s).
	inferred   5 D-type flip-flop(s).
	inferred   2 Adder/Subtractor(s).
Unit <count09and90> synthesized.


=========================================================================
HDL Synthesis Report

Macro Statistics
# Adders/Subtractors                                   : 2
 32-bit adder                                          : 1
 4-bit adder                                           : 1
# Counters                                             : 2
 32-bit up counter                                     : 1
 4-bit down counter                                    : 1
# Registers                                            : 2
 1-bit register                                        : 1
 4-bit register                                        : 1

=========================================================================

=========================================================================
*                       Advanced HDL Synthesis                          *
=========================================================================


=========================================================================
Advanced HDL Synthesis Report

Macro Statistics
# Adders/Subtractors                                   : 2
 32-bit adder                                          : 1
 4-bit adder                                           : 1
# Counters                                             : 2
 32-bit up counter                                     : 1
 4-bit down counter                                    : 1
# Registers                                            : 5
 Flip-Flops                                            : 5

=========================================================================

=========================================================================
*                         Low Level Synthesis                           *
=========================================================================

Optimizing unit <count09and90> ...

Mapping all equations...
Building and optimizing final netlist ...
Found area constraint ratio of 100 (+ 5) on block count09and90, actual ratio is 1.

Final Macro Processing ...

=========================================================================
Final Register Report

Macro Statistics
# Registers                                            : 41
 Flip-Flops                                            : 41

=========================================================================

=========================================================================
*                           Partition Report                            *
=========================================================================

Partition Implementation Status
-------------------------------

  No Partitions were found in this design.

-------------------------------

=========================================================================
*                            Final Report                               *
=========================================================================
Final Results
RTL Top Level Output File Name     : count09and90.ngr
Top Level Output File Name         : count09and90
Output Format                      : NGC
Optimization Goal                  : Speed
Keep Hierarchy                     : No

Design Statistics
# IOs                              : 6

Cell Usage :
# BELS                             : 220
#      GND                         : 1
#      INV                         : 4
#      LUT1                        : 62
#      LUT2                        : 1
#      LUT3                        : 2
#      LUT4                        : 14
#      MUXCY                       : 70
#      MUXF5                       : 1
#      VCC                         : 1
#      XORCY                       : 64
# FlipFlops/Latches                : 41
#      FD                          : 4
#      FDR                         : 32
#      FDRE                        : 5
# Clock Buffers                    : 1
#      BUFGP                       : 1
# IO Buffers                       : 5
#      IBUF                        : 1
#      OBUF                        : 4
=========================================================================

Device utilization summary:
---------------------------

Selected Device : 3s400pq208-5 

 Number of Slices:                       59  out of   3584     1%  
 Number of Slice Flip Flops:             41  out of   7168     0%  
 Number of 4 input LUTs:                 83  out of   7168     1%  
 Number of IOs:                           6
 Number of bonded IOBs:                   6  out of    141     4%  
 Number of GCLKs:                         1  out of      8    12%  

---------------------------
Partition Resource Summary:
---------------------------

  No Partitions were found in this design.

---------------------------


=========================================================================
TIMING REPORT

NOTE: THESE TIMING NUMBERS ARE ONLY A SYNTHESIS ESTIMATE.
      FOR ACCURATE TIMING INFORMATION PLEASE REFER TO THE TRACE REPORT
      GENERATED AFTER PLACE-and-ROUTE.

Clock Information:
------------------
-----------------------------------+------------------------+-------+
Clock Signal                       | Clock buffer(FF name)  | Load  |
-----------------------------------+------------------------+-------+
clk                                | BUFGP                  | 41    |
-----------------------------------+------------------------+-------+

Asynchronous Control Signals Information:
----------------------------------------
No asynchronous control signals found in this design

Timing Summary:
---------------
Speed Grade: -5

   Minimum period: 10.912ns (Maximum Frequency: 91.646MHz)
   Minimum input arrival time before clock: 4.727ns
   Maximum output required time after clock: 6.216ns
   Maximum combinational path delay: No path found

Timing Detail:
--------------
All values displayed in nanoseconds (ns)

=========================================================================
Timing constraint: Default period analysis for Clock 'clk'
  Clock period: 10.912ns (frequency: 91.646MHz)
  Total number of paths / destination ports: 22223 / 82
-------------------------------------------------------------------------
Delay:               10.912ns (Levels of Logic = 32)
  Source:            count_1 (FF)
  Destination:       count_0 (FF)
  Source Clock:      clk rising
  Destination Clock: clk rising

  Data Path: count_1 to count_0
                                Gate     Net
    Cell:in->out      fanout   Delay   Delay  Logical Name (Net Name)
    ----------------------------------------  ------------
     FDR:C->Q              2   0.626   1.040  count_1 (count_1)
     LUT1:I0->O            1   0.479   0.000  Madd_count_add0000_cy<1>_rt (Madd_count_add0000_cy<1>_rt)
     MUXCY:S->O            1   0.435   0.000  Madd_count_add0000_cy<1> (Madd_count_add0000_cy<1>)
     MUXCY:CI->O           1   0.056   0.000  Madd_count_add0000_cy<2> (Madd_count_add0000_cy<2>)
     MUXCY:CI->O           1   0.056   0.000  Madd_count_add0000_cy<3> (Madd_count_add0000_cy<3>)
     MUXCY:CI->O           1   0.056   0.000  Madd_count_add0000_cy<4> (Madd_count_add0000_cy<4>)
     MUXCY:CI->O           1   0.056   0.000  Madd_count_add0000_cy<5> (Madd_count_add0000_cy<5>)
     MUXCY:CI->O           1   0.056   0.000  Madd_count_add0000_cy<6> (Madd_count_add0000_cy<6>)
     MUXCY:CI->O           1   0.056   0.000  Madd_count_add0000_cy<7> (Madd_count_add0000_cy<7>)
     MUXCY:CI->O           1   0.056   0.000  Madd_count_add0000_cy<8> (Madd_count_add0000_cy<8>)
     MUXCY:CI->O           1   0.056   0.000  Madd_count_add0000_cy<9> (Madd_count_add0000_cy<9>)
     MUXCY:CI->O           1   0.056   0.000  Madd_count_add0000_cy<10> (Madd_count_add0000_cy<10>)
     MUXCY:CI->O           1   0.056   0.000  Madd_count_add0000_cy<11> (Madd_count_add0000_cy<11>)
     MUXCY:CI->O           1   0.056   0.000  Madd_count_add0000_cy<12> (Madd_count_add0000_cy<12>)
     MUXCY:CI->O           1   0.056   0.000  Madd_count_add0000_cy<13> (Madd_count_add0000_cy<13>)
     MUXCY:CI->O           1   0.056   0.000  Madd_count_add0000_cy<14> (Madd_count_add0000_cy<14>)
     MUXCY:CI->O           1   0.056   0.000  Madd_count_add0000_cy<15> (Madd_count_add0000_cy<15>)
     MUXCY:CI->O           1   0.056   0.000  Madd_count_add0000_cy<16> (Madd_count_add0000_cy<16>)
     MUXCY:CI->O           1   0.056   0.000  Madd_count_add0000_cy<17> (Madd_count_add0000_cy<17>)
     MUXCY:CI->O           1   0.056   0.000  Madd_count_add0000_cy<18> (Madd_count_add0000_cy<18>)
     MUXCY:CI->O           1   0.056   0.000  Madd_count_add0000_cy<19> (Madd_count_add0000_cy<19>)
     MUXCY:CI->O           1   0.056   0.000  Madd_count_add0000_cy<20> (Madd_count_add0000_cy<20>)
     XORCY:CI->O           1   0.786   0.976  Madd_count_add0000_xor<21> (count_add0000<21>)
     LUT4:I0->O            1   0.479   0.000  number_cmp_eq0000_wg_lut<0> (number_cmp_eq0000_wg_lut<0>)
     MUXCY:S->O            1   0.435   0.000  number_cmp_eq0000_wg_cy<0> (number_cmp_eq0000_wg_cy<0>)
     MUXCY:CI->O           1   0.056   0.000  number_cmp_eq0000_wg_cy<1> (number_cmp_eq0000_wg_cy<1>)
     MUXCY:CI->O           1   0.056   0.000  number_cmp_eq0000_wg_cy<2> (number_cmp_eq0000_wg_cy<2>)
     MUXCY:CI->O           1   0.056   0.000  number_cmp_eq0000_wg_cy<3> (number_cmp_eq0000_wg_cy<3>)
     MUXCY:CI->O           1   0.056   0.000  number_cmp_eq0000_wg_cy<4> (number_cmp_eq0000_wg_cy<4>)
     MUXCY:CI->O           1   0.056   0.000  number_cmp_eq0000_wg_cy<5> (number_cmp_eq0000_wg_cy<5>)
     MUXCY:CI->O           1   0.056   0.000  number_cmp_eq0000_wg_cy<6> (number_cmp_eq0000_wg_cy<6>)
     MUXCY:CI->O           7   0.246   1.076  number_cmp_eq0000_wg_cy<7> (number_cmp_eq0000)
     LUT2:I1->O           32   0.479   1.575  count_or00001 (count_or0000)
     FDR:R                     0.892          count_0
    ----------------------------------------
    Total                     10.912ns (6.244ns logic, 4.668ns route)
                                       (57.2% logic, 42.8% route)

=========================================================================
Timing constraint: Default OFFSET IN BEFORE for Clock 'clk'
  Total number of paths / destination ports: 37 / 37
-------------------------------------------------------------------------
Offset:              4.727ns (Levels of Logic = 2)
  Source:            reset (PAD)
  Destination:       count_0 (FF)
  Destination Clock: clk rising

  Data Path: reset to count_0
                                Gate     Net
    Cell:in->out      fanout   Delay   Delay  Logical Name (Net Name)
    ----------------------------------------  ------------
     IBUF:I->O             3   0.715   1.066  reset_IBUF (reset_IBUF)
     LUT2:I0->O           32   0.479   1.575  count_or00001 (count_or0000)
     FDR:R                     0.892          count_0
    ----------------------------------------
    Total                      4.727ns (2.086ns logic, 2.641ns route)
                                       (44.1% logic, 55.9% route)

=========================================================================
Timing constraint: Default OFFSET OUT AFTER for Clock 'clk'
  Total number of paths / destination ports: 4 / 4
-------------------------------------------------------------------------
Offset:              6.216ns (Levels of Logic = 1)
  Source:            out1_3 (FF)
  Destination:       out1<3> (PAD)
  Source Clock:      clk rising

  Data Path: out1_3 to out1<3>
                                Gate     Net
    Cell:in->out      fanout   Delay   Delay  Logical Name (Net Name)
    ----------------------------------------  ------------
     FD:C->Q               1   0.626   0.681  out1_3 (out1_3)
     OBUF:I->O                 4.909          out1_3_OBUF (out1<3>)
    ----------------------------------------
    Total                      6.216ns (5.535ns logic, 0.681ns route)
                                       (89.0% logic, 11.0% route)

=========================================================================


Total REAL time to Xst completion: 13.00 secs
Total CPU time to Xst completion: 13.50 secs
 
--> 

Total memory usage is 4506384 kilobytes

Number of errors   :    0 (   0 filtered)
Number of warnings :    0 (   0 filtered)
Number of infos    :    0 (   0 filtered)

